// Jest Snapshot v1, https://goo.gl/fbAQLP

exports[`App renders concatenated string 1`] = `
<div
  styleName="app-style"
>
  <select
    onChange={[Function]}
  >
    <option
      value="toronto"
    >
      Toronto
    </option>
    <option
      value="tokyo"
    >
      Tokyo
    </option>
    <option
      value="london"
    >
      London
    </option>
    <option
      value="sydney"
    >
      Sydney
    </option>
  </select>
</div>
`;
